// Jest Snapshot v1, https://goo.gl/fbAQLP

exports[`Button component snapshot 1`] = `
<button
  className="main active"
  onClick={[Function]}
>
  text
</button>
`;
